2026-09-16 17:07:45.581 INFO   Freerouting v2.4.1 (build-date: 2026-09-03)
WARNING: Final field userProfileSettings in class app.freerouting.settings.GlobalSettings has been mutated reflectively by class com.google.gson.internal.bind.ReflectiveTypeAdapterFactory$2 in unnamed module @954b04f (file:/Users/dheerajsomashekar/Downloads/gas-sensor-i2c-board/scripts/freerouting.jar)
WARNING: Use --enable-final-field-mutation=ALL-UNNAMED to avoid a warning
WARNING: Mutating final fields will be blocked in a future release unless final field mutation is enabled
2026-09-16 17:07:47.075 INFO   [D4EA0A\6C7588] Loading board file 'manual-escape.dsn'...
2026-09-16 17:07:47.238 WARN   DSN file 'manual-escape.dsn' was loaded with 7 warning(s).
2026-09-16 17:07:47.247 INFO   [D4EA0A\6C7588] Job 'D4EA0A\6C7588' started at 2026-09-16T22:07:47.246986Z.
2026-09-16 17:07:47.481 INFO   [D4EA0A\6C7588] Fanout stage started on board 'e3b49d385ff6192fc7394d8e872cb9c2' with 124 of 335 SMD pins needing fanout (211 already connected, 0 netless).
2026-09-16 17:07:48.499 INFO   [D4EA0A\6C7588] Fanout pass #1 on board 'c21c50034cc0093e0e276bb997c1a4db' completed in 0.82 seconds with 15 SMD pins fanouted, 2 not routed, 0 insert errors, +0 extra vias (0 SMD pins still to check in pass, ripup costs=100).
2026-09-16 17:07:48.900 INFO   [D4EA0A\6C7588] Fanout pass #2 on board 'f58d188cdcbef68cc58b2ff851e55956' completed in 0.38 seconds with 14 SMD pins fanouted, 2 not routed, 0 insert errors, +0 extra vias (0 SMD pins still to check in pass, ripup costs=200).
2026-09-16 17:07:49.271 INFO   [D4EA0A\6C7588] Fanout pass #3 on board 'f9e462bf1dd7b710b7cbb3ba96a6778c' completed in 0.35 seconds with 14 SMD pins fanouted, 2 not routed, 0 insert errors, +0 extra vias (0 SMD pins still to check in pass, ripup costs=300).
2026-09-16 17:07:49.630 INFO   [D4EA0A\6C7588] Fanout pass #4 on board 'f58d188cdcbef68cc58b2ff851e55956' completed in 0.34 seconds with 14 SMD pins fanouted, 2 not routed, 0 insert errors, +0 extra vias (0 SMD pins still to check in pass, ripup costs=400).
2026-09-16 17:07:50.024 INFO   [D4EA0A\6C7588] Fanout pass #5 on board 'e75ff638434c8a7ef15c696b66e50ba4' completed in 0.37 seconds with 14 SMD pins fanouted, 2 not routed, 0 insert errors, +0 extra vias (0 SMD pins still to check in pass, ripup costs=500).
2026-09-16 17:07:50.024 INFO   Fanout stopped after 5 passes: no progress for 3 consecutive passes.
2026-09-16 17:07:50.087 INFO   [D4EA0A\6C7588] Fanout stage completed: started with 335 total SMD pins, completed in 2.44 seconds, escaped pins: 273/335 (81.5%), using 2.58 total CPU seconds, 27.59 GB total allocated, and 1078.1 MB peak heap usage.
2026-09-16 17:07:50.106 INFO   [D4EA0A\6C7588] Auto-routing stage started on board 'e75ff638434c8a7ef15c696b66e50ba4' for 23 unrouted items.
2026-09-16 17:07:58.013 INFO   [D4EA0A\6C7588] Auto-routing pass #1 on board 'e75ff638434c8a7ef15c696b66e50ba4' was completed in 7.71 seconds with score 931.37 (16 unrouted and 2 violations), using 9.60 CPU seconds and the job allocated 70.12 GB of memory so far.
2026-09-16 17:08:05.159 INFO   [D4EA0A\6C7588] Auto-routing pass #2 on board '59cf751ad697be8980c28e0351e18f9d' was completed in 6.96 seconds with score 931.37 (16 unrouted and 2 violations), using 16.38 CPU seconds and the job allocated 116.80 GB of memory so far.
2026-09-16 17:08:12.873 INFO   [D4EA0A\6C7588] Auto-routing pass #3 on board '3217daf01abca756dd4108f5e96843c3' was completed in 7.51 seconds with score 931.37 (16 unrouted and 2 violations), using 24.05 CPU seconds and the job allocated 163.97 GB of memory so far.
2026-09-16 17:08:20.011 INFO   [D4EA0A\6C7588] Auto-routing pass #4 on board 'ef59d99a0379ffd15d6032177dff044d' was completed in 6.95 seconds with score 931.37 (16 unrouted and 2 violations), using 30.77 CPU seconds and the job allocated 209.26 GB of memory so far.
2026-09-16 17:08:26.935 INFO   [D4EA0A\6C7588] Auto-routing pass #5 on board '47055fa8c4e089d41e7a8b8d949cab94' was completed in 6.74 seconds with score 931.37 (16 unrouted and 2 violations), using 37.55 CPU seconds and the job allocated 255.52 GB of memory so far.
2026-09-16 17:08:34.053 INFO   [D4EA0A\6C7588] Auto-routing pass #6 on board '565f163045ce482017eb987f3822a3dc' was completed in 6.94 seconds with score 931.37 (16 unrouted and 2 violations), using 44.26 CPU seconds and the job allocated 301.39 GB of memory so far.
2026-09-16 17:08:41.335 INFO   [D4EA0A\6C7588] Auto-routing pass #7 on board 'bbdb22f8c0ac5b01968094a38a6c721f' was completed in 7.09 seconds with score 931.37 (16 unrouted and 2 violations), using 50.74 CPU seconds and the job allocated 346.30 GB of memory so far.
2026-09-16 17:08:47.883 INFO   [D4EA0A\6C7588] Auto-routing pass #8 on board 'bdd67306e8094a790b35a923296a72a6' was completed in 6.37 seconds with score 931.37 (16 unrouted and 2 violations), using 57.51 CPU seconds and the job allocated 393.84 GB of memory so far.
2026-09-16 17:08:54.337 INFO   [D4EA0A\6C7588] Auto-routing pass #9 on board '0a02a1472ffbc8b602eac606072d1498' was completed in 6.27 seconds with score 931.37 (16 unrouted and 2 violations), using 63.36 CPU seconds and the job allocated 438.34 GB of memory so far.
2026-09-16 17:09:00.676 INFO   [D4EA0A\6C7588] Auto-routing pass #10 on board 'ed6d5a47a8c6d954faeda57c765ed4f5' was completed in 6.16 seconds with score 931.37 (16 unrouted and 2 violations), using 70.18 CPU seconds and the job allocated 490.15 GB of memory so far.
2026-09-16 17:09:06.991 INFO   [D4EA0A\6C7588] Auto-routing pass #11 on board '3280acb35dc8f18504fbc511621ec106' was completed in 6.13 seconds with score 931.37 (16 unrouted and 2 violations), using 76.02 CPU seconds and the job allocated 531.70 GB of memory so far.
2026-09-16 17:09:13.385 INFO   [D4EA0A\6C7588] Auto-routing pass #12 on board '33c4e7cecb1fc52dac38716e32257f0b' was completed in 6.14 seconds with score 931.37 (16 unrouted and 2 violations), using 81.86 CPU seconds and the job allocated 577.84 GB of memory so far.
2026-09-16 17:09:19.686 INFO   [D4EA0A\6C7588] Auto-routing pass #13 on board '203797486aefdf69e126de8e7e6b35c2' was completed in 6.13 seconds with score 931.37 (16 unrouted and 2 violations), using 87.70 CPU seconds and the job allocated 622.72 GB of memory so far.
2026-09-16 17:09:26.014 INFO   [D4EA0A\6C7588] Auto-routing pass #14 on board 'e7f9984a7186a6436b158f015e6cbc3b' was completed in 6.15 seconds with score 931.37 (16 unrouted and 2 violations), using 94.51 CPU seconds and the job allocated 671.16 GB of memory so far.
2026-09-16 17:09:32.370 INFO   [D4EA0A\6C7588] Auto-routing pass #15 on board '7d7624e0a895a4e0f458085082f72c67' was completed in 6.18 seconds with score 931.37 (16 unrouted and 2 violations), using 100.34 CPU seconds and the job allocated 716.12 GB of memory so far.
2026-09-16 17:09:38.778 INFO   [D4EA0A\6C7588] Auto-routing pass #16 on board '963321a47fee625216abaeab449db4d0' was completed in 6.23 seconds with score 931.37 (16 unrouted and 2 violations), using 106.21 CPU seconds and the job allocated 760.75 GB of memory so far.
2026-09-16 17:09:45.034 INFO   [D4EA0A\6C7588] Auto-routing pass #17 on board 'f761e76e44aacf447b7abcb81e0360ce' was completed in 6.08 seconds with score 931.37 (16 unrouted and 2 violations), using 113.03 CPU seconds and the job allocated 810.21 GB of memory so far.
2026-09-16 17:09:51.366 INFO   [D4EA0A\6C7588] Auto-routing pass #18 on board '1828f1308ae2ed930727e17181178f95' was completed in 6.15 seconds with score 931.37 (16 unrouted and 2 violations), using 118.86 CPU seconds and the job allocated 854.24 GB of memory so far.
2026-09-16 17:09:51.394 INFO   [D4EA0A\6C7588] The router's best score (931.37) has not improved by more than 0.5 points since pass #8. Stopping the auto-router after 18 passes (16 items still unconnected).
The following connections could not be routed -- please review your design (e.g. check pad clearances, trace width rules, and available routing space):
  Net '+3V3' (2 unrouted connections):
    - C62-1  ->  via
    - R1-1  ->  R2-1
  Net '/SCL' (3 unrouted connections):
    - via  ->  D1-2
    - U5-6  ->  R2-2
    - via  ->  via
  Net 'AGND' (3 unrouted connections):
    - U1-H2  ->  C41-2
    - C48-2  ->  U2-H2
    - via  ->  C27-2
  Net '/CH1_SE' (1 unrouted connection):
    - via  ->  C2-1
  Net '/SDA' (3 unrouted connections):
    - via  ->  U2-H5
    - via  ->  D1-1
    - U1-H5  ->  R1-2
  Net 'GND' (1 unrouted connection):
    - U2-F2  ->  via
  Net '/CH4_SE' (1 unrouted connection):
    - JP4-1  ->  C26-1
  Net 'VIN' (2 unrouted connections):
    - U3-1  ->  U3-3
    - U3-1  ->  C33-1
2026-09-16 17:09:51.558 INFO   [D4EA0A\6C7588] Auto-routing stage completed: started with 24 unrouted nets, completed in 124.17 seconds, final score: 931.37 (16 unrouted and 2 violations), using 118.86 total CPU seconds, 854.24 GB total allocated, and 1430.2 MB peak heap usage.
2026-09-16 17:09:51.640 INFO   [D4EA0A\6C7588] Optimization stage started on board 'e3d959f30fc3d8b5c5d167b9c941221a' with score 931.37 (16 unrouted and 2 violations).
2026-09-16 17:09:53.054 INFO   [D4EA0A\6C7588] Optimizer pass #1 on board '7eeb212caebebb38d8685b39a9684723' was completed in 1.14 seconds with the score of 931.37 (16 unrouted and 2 violations).
2026-09-16 17:09:53.132 INFO   [D4EA0A\6C7588] Stopping optimizer because the improvement in this pass (0.0000%) is below the threshold (5.00%).
2026-09-16 17:09:53.212 INFO   [D4EA0A\6C7588] Optimization stage completed: started with score 931.37 (16 unrouted and 2 violations), completed in 1.49 seconds, final score: 931.37 (16 unrouted and 2 violations), using 1.48 total CPU seconds, 32.80 GB total allocated, and 1302.2 MB peak heap usage.
2026-09-16 17:09:53.226 INFO   [D4EA0A\6C7588] Job 'D4EA0A\6C7588' finished with state: COMPLETED (elapsed: 2 minutes 5.98 seconds, finished at UTC: 2026-09-16T22:09:53.226074Z).
2026-09-16 17:09:53.490 INFO   Saving output file '/Users/dheerajsomashekar/Downloads/gas-sensor-i2c-board/verification/manual-final.ses' (SES)...
2026-09-16 17:09:53.495 INFO   Successfully saved output file '/Users/dheerajsomashekar/Downloads/gas-sensor-i2c-board/verification/manual-final.ses' (161924 bytes).
