./src/common/stdpbase.cpp(59): assert ""traits"" failed in Get(): create wxApp before calling this
swig/python detected a memory leak of type 'PCB_TRACK *', no destructor found.
swig/python detected a memory leak of type 'PCB_TRACK *', no destructor found.
swig/python detected a memory leak of type 'PCB_TRACK *', no destructor found.
swig/python detected a memory leak of type 'PCB_TRACK *', no destructor found.
swig/python detected a memory leak of type 'PCB_TRACK *', no destructor found.
swig/python detected a memory leak of type 'PCB_TRACK *', no destructor found.
swig/python detected a memory leak of type 'PCB_TRACK *', no destructor found.
swig/python detected a memory leak of type 'VECTOR2< int > *', no destructor found.
swig/python detected a memory leak of type 'VECTOR2< int > *', no destructor found.
swig/python detected a memory leak of type 'VECTOR2< int > *', no destructor found.
swig/python detected a memory leak of type 'VECTOR2< int > *', no destructor found.
swig/python detected a memory leak of type 'VECTOR2< int > *', no destructor found.
swig/python detected a memory leak of type 'VECTOR2< int > *', no destructor found.
swig/python detected a memory leak of type 'VECTOR2< int > *', no destructor found.
swig/python detected a memory leak of type 'VECTOR2< int > *', no destructor found.
swig/python detected a memory leak of type 'VECTOR2< int > *', no destructor found.
swig/python detected a memory leak of type 'VECTOR2< int > *', no destructor found.
swig/python detected a memory leak of type 'VECTOR2< int > *', no destructor found.
swig/python detected a memory leak of type 'VECTOR2< int > *', no destructor found.
swig/python detected a memory leak of type 'VECTOR2< int > *', no destructor found.
swig/python detected a memory leak of type 'VECTOR2< int > *', no destructor found.
swig/python detected a memory leak of type 'VECTOR2< int > *', no destructor found.
swig/python detected a memory leak of type 'VECTOR2< int > *', no destructor found.
swig/python detected a memory leak of type 'VECTOR2< int > *', no destructor found.
swig/python detected a memory leak of type 'VECTOR2< int > *', no destructor found.
swig/python detected a memory leak of type 'VECTOR2< int > *', no destructor found.
swig/python detected a memory leak of type 'VECTOR2< int > *', no destructor found.
swig/python detected a memory leak of type 'VECTOR2< int > *', no destructor found.
swig/python detected a memory leak of type 'VECTOR2< int > *', no destructor found.
swig/python detected a memory leak of type 'VECTOR2< int > *', no destructor found.
swig/python detected a memory leak of type 'VECTOR2< int > *', no destructor found.
swig/python detected a memory leak of type 'VECTOR2< int > *', no destructor found.
swig/python detected a memory leak of type 'VECTOR2< int > *', no destructor found.
swig/python detected a memory leak of type 'VECTOR2< int > *', no destructor found.
swig/python detected a memory leak of type 'VECTOR2< int > *', no destructor found.
swig/python detected a memory leak of type 'VECTOR2< int > *', no destructor found.
swig/python detected a memory leak of type 'VECTOR2< int > *', no destructor found.
swig/python detected a memory leak of type 'VECTOR2< int > *', no destructor found.
swig/python detected a memory leak of type 'VECTOR2< int > *', no destructor found.
swig/python detected a memory leak of type 'VECTOR2< int > *', no destructor found.
swig/python detected a memory leak of type 'VECTOR2< int > *', no destructor found.
swig/python detected a memory leak of type 'VECTOR2< int > *', no destructor found.
swig/python detected a memory leak of type 'VECTOR2< int > *', no destructor found.
swig/python detected a memory leak of type 'VECTOR2< int > *', no destructor found.
swig/python detected a memory leak of type 'VECTOR2< int > *', no destructor found.
swig/python detected a memory leak of type 'VECTOR2< int > *', no destructor found.
swig/python detected a memory leak of type 'VECTOR2< int > *', no destructor found.
swig/python detected a memory leak of type 'VECTOR2< int > *', no destructor found.
swig/python detected a memory leak of type 'VECTOR2< int > *', no destructor found.
swig/python detected a memory leak of type 'VECTOR2< int > *', no destructor found.
swig/python detected a memory leak of type 'VECTOR2< int > *', no destructor found.
swig/python detected a memory leak of type 'VECTOR2< int > *', no destructor found.
swig/python detected a memory leak of type 'VECTOR2< int > *', no destructor found.
swig/python detected a memory leak of type 'VECTOR2< int > *', no destructor found.
swig/python detected a memory leak of type 'VECTOR2< int > *', no destructor found.
swig/python detected a memory leak of type 'VECTOR2< int > *', no destructor found.
swig/python detected a memory leak of type 'VECTOR2< int > *', no destructor found.
swig/python detected a memory leak of type 'VECTOR2< int > *', no destructor found.
swig/python detected a memory leak of type 'VECTOR2< int > *', no destructor found.
swig/python detected a memory leak of type 'VECTOR2< int > *', no destructor found.
swig/python detected a memory leak of type 'VECTOR2< int > *', no destructor found.
swig/python detected a memory leak of type 'VECTOR2< int > *', no destructor found.
swig/python detected a memory leak of type 'VECTOR2< int > *', no destructor found.
swig/python detected a memory leak of type 'VECTOR2< int > *', no destructor found.
swig/python detected a memory leak of type 'VECTOR2< int > *', no destructor found.
swig/python detected a memory leak of type 'VECTOR2< int > *', no destructor found.
swig/python detected a memory leak of type 'VECTOR2< int > *', no destructor found.
swig/python detected a memory leak of type 'VECTOR2< int > *', no destructor found.
swig/python detected a memory leak of type 'VECTOR2< int > *', no destructor found.
swig/python detected a memory leak of type 'VECTOR2< int > *', no destructor found.
swig/python detected a memory leak of type 'VECTOR2< int > *', no destructor found.
swig/python detected a memory leak of type 'VECTOR2< int > *', no destructor found.
swig/python detected a memory leak of type 'VECTOR2< int > *', no destructor found.
swig/python detected a memory leak of type 'VECTOR2< int > *', no destructor found.
swig/python detected a memory leak of type 'VECTOR2< int > *', no destructor found.
swig/python detected a memory leak of type 'VECTOR2< int > *', no destructor found.
swig/python detected a memory leak of type 'VECTOR2< int > *', no destructor found.
swig/python detected a memory leak of type 'VECTOR2< int > *', no destructor found.
swig/python detected a memory leak of type 'VECTOR2< int > *', no destructor found.
swig/python detected a memory leak of type 'VECTOR2< int > *', no destructor found.
swig/python detected a memory leak of type 'VECTOR2< int > *', no destructor found.
swig/python detected a memory leak of type 'VECTOR2< int > *', no destructor found.
swig/python detected a memory leak of type 'VECTOR2< int > *', no destructor found.
swig/python detected a memory leak of type 'VECTOR2< int > *', no destructor found.
swig/python detected a memory leak of type 'VECTOR2< int > *', no destructor found.
swig/python detected a memory leak of type 'VECTOR2< int > *', no destructor found.
swig/python detected a memory leak of type 'VECTOR2< int > *', no destructor found.
swig/python detected a memory leak of type 'VECTOR2< int > *', no destructor found.
swig/python detected a memory leak of type 'VECTOR2< int > *', no destructor found.
swig/python detected a memory leak of type 'VECTOR2< int > *', no destructor found.
swig/python detected a memory leak of type 'VECTOR2< int > *', no destructor found.
swig/python detected a memory leak of type 'VECTOR2< int > *', no destructor found.
swig/python detected a memory leak of type 'VECTOR2< int > *', no destructor found.
swig/python detected a memory leak of type 'VECTOR2< int > *', no destructor found.
swig/python detected a memory leak of type 'VECTOR2< int > *', no destructor found.
swig/python detected a memory leak of type 'VECTOR2< int > *', no destructor found.
swig/python detected a memory leak of type 'VECTOR2< int > *', no destructor found.
swig/python detected a memory leak of type 'VECTOR2< int > *', no destructor foRemoved 8
und.
swig/python detected a memory leak of type 'VECTOR2< int > *', no destructor found.
swig/python detected a memory leak of type 'VECTOR2< int > *', no destructor found.
swig/python detected a memory leak of type 'VECTOR2< int > *', no destructor found.
swig/python detected a memory leak of type 'VECTOR2< int > *', no destructor found.
swig/python detected a memory leak of type 'VECTOR2< int > *', no destructor found.
swig/python detected a memory leak of type 'VECTOR2< int > *', no destructor found.
swig/python detected a memory leak of type 'VECTOR2< int > *', no destructor found.
swig/python detected a memory leak of type 'VECTOR2< int > *', no destructor found.
swig/python detected a memory leak of type 'VECTOR2< int > *', no destructor found.
swig/python detected a memory leak of type 'VECTOR2< int > *', no destructor found.
swig/python detected a memory leak of type 'VECTOR2< int > *', no destructor found.
swig/python detected a memory leak of type 'VECTOR2< int > *', no destructor found.
swig/python detected a memory leak of type 'VECTOR2< int > *', no destructor found.
swig/python detected a memory leak of type 'VECTOR2< int > *', no destructor found.
swig/python detected a memory leak of type 'VECTOR2< int > *', no destructor found.
swig/python detected a memory leak of type 'VECTOR2< int > *', no destructor found.
swig/python detected a memory leak of type 'VECTOR2< int > *', no destructor found.
swig/python detected a memory leak of type 'VECTOR2< int > *', no destructor found.
swig/python detected a memory leak of type 'VECTOR2< int > *', no destructor found.
swig/python detected a memory leak of type 'VECTOR2< int > *', no destructor found.
swig/python detected a memory leak of type 'VECTOR2< int > *', no destructor found.
swig/python detected a memory leak of type 'VECTOR2< int > *', no destructor found.
swig/python detected a memory leak of type 'VECTOR2< int > *', no destructor found.
swig/python detected a memory leak of type 'VECTOR2< int > *', no destructor found.
swig/python detected a memory leak of type 'VECTOR2< int > *', no destructor found.
swig/python detected a memory leak of type 'VECTOR2< int > *', no destructor found.
swig/python detected a memory leak of type 'VECTOR2< int > *', no destructor found.
swig/python detected a memory leak of type 'VECTOR2< int > *', no destructor found.
swig/python detected a memory leak of type 'VECTOR2< int > *', no destructor found.
swig/python detected a memory leak of type 'VECTOR2< int > *', no destructor found.
swig/python detected a memory leak of type 'VECTOR2< int > *', no destructor found.
swig/python detected a memory leak of type 'VECTOR2< int > *', no destructor found.
swig/python detected a memory leak of type 'VECTOR2< int > *', no destructor found.
