2026-09-16 17:01:52.857 INFO   Freerouting v2.4.1 (build-date: 2026-09-03)
WARNING: Final field userProfileSettings in class app.freerouting.settings.GlobalSettings has been mutated reflectively by class com.google.gson.internal.bind.ReflectiveTypeAdapterFactory$2 in unnamed module @954b04f (file:/Users/dheerajsomashekar/Downloads/gas-sensor-i2c-board/scripts/freerouting.jar)
WARNING: Use --enable-final-field-mutation=ALL-UNNAMED to avoid a warning
WARNING: Mutating final fields will be blocked in a future release unless final field mutation is enabled
2026-09-16 17:01:54.323 INFO   [95D566\656330] Loading board file 'retry4.dsn'...
2026-09-16 17:01:54.463 WARN   DSN file 'retry4.dsn' was loaded with 7 warning(s).
2026-09-16 17:01:54.471 INFO   [95D566\656330] Job '95D566\656330' started at 2026-09-16T22:01:54.471144Z.
2026-09-16 17:01:54.676 INFO   [95D566\656330] Fanout stage started on board '14bd5831437c8f2f668e790d82a31d5f' with 125 of 335 SMD pins needing fanout (210 already connected, 0 netless).
2026-09-16 17:01:55.520 INFO   [95D566\656330] Fanout pass #1 on board '14bd5831437c8f2f668e790d82a31d5f' completed in 0.64 seconds with 12 SMD pins fanouted, 2 not routed, 0 insert errors, +0 extra vias (0 SMD pins still to check in pass, ripup costs=100).
2026-09-16 17:01:55.591 INFO   [95D566\656330] Fanout stage completed: started with 335 total SMD pins, completed in 0.74 seconds, escaped pins: 273/335 (81.5%), using 0.93 total CPU seconds, 8.04 GB total allocated, and 1250.4 MB peak heap usage.
2026-09-16 17:01:55.609 INFO   [95D566\656330] Auto-routing stage started on board '14bd5831437c8f2f668e790d82a31d5f' for 19 unrouted items.
2026-09-16 17:02:02.803 INFO   [95D566\656330] Auto-routing pass #1 on board '14bd5831437c8f2f668e790d82a31d5f' was completed in 7.00 seconds with score 949.78 (12 unrouted and 0 violations), using 7.72 CPU seconds and the job allocated 48.34 GB of memory so far.
2026-09-16 17:02:09.347 INFO   [95D566\656330] Auto-routing pass #2 on board '2a98647318b10e48032d76285892863c' was completed in 6.35 seconds with score 949.78 (12 unrouted and 0 violations), using 13.57 CPU seconds and the job allocated 87.60 GB of memory so far.
2026-09-16 17:02:15.829 INFO   [95D566\656330] Auto-routing pass #3 on board '2a98647318b10e48032d76285892863c' was completed in 6.38 seconds with score 949.78 (12 unrouted and 0 violations), using 20.36 CPU seconds and the job allocated 131.93 GB of memory so far.
2026-09-16 17:02:22.303 INFO   [95D566\656330] Auto-routing pass #4 on board '2a98647318b10e48032d76285892863c' was completed in 6.37 seconds with score 949.78 (12 unrouted and 0 violations), using 26.21 CPU seconds and the job allocated 169.66 GB of memory so far.
2026-09-16 17:02:28.662 INFO   [95D566\656330] Auto-routing pass #5 on board '2a98647318b10e48032d76285892863c' was completed in 6.26 seconds with score 949.78 (12 unrouted and 0 violations), using 33.05 CPU seconds and the job allocated 217.72 GB of memory so far.
2026-09-16 17:02:35.032 INFO   [95D566\656330] Auto-routing pass #6 on board '2a98647318b10e48032d76285892863c' was completed in 6.27 seconds with score 949.78 (12 unrouted and 0 violations), using 38.89 CPU seconds and the job allocated 252.45 GB of memory so far.
2026-09-16 17:02:41.441 INFO   [95D566\656330] Auto-routing pass #7 on board '2a98647318b10e48032d76285892863c' was completed in 6.31 seconds with score 949.78 (12 unrouted and 0 violations), using 44.73 CPU seconds and the job allocated 291.91 GB of memory so far.
2026-09-16 17:02:47.865 INFO   [95D566\656330] Auto-routing pass #8 on board '2a98647318b10e48032d76285892863c' was completed in 6.33 seconds with score 949.78 (12 unrouted and 0 violations), using 51.54 CPU seconds and the job allocated 338.14 GB of memory so far.
2026-09-16 17:02:54.301 INFO   [95D566\656330] Auto-routing pass #9 on board '2a98647318b10e48032d76285892863c' was completed in 6.34 seconds with score 949.78 (12 unrouted and 0 violations), using 57.35 CPU seconds and the job allocated 374.30 GB of memory so far.
2026-09-16 17:03:00.721 INFO   [95D566\656330] Auto-routing pass #10 on board '2a98647318b10e48032d76285892863c' was completed in 6.32 seconds with score 949.78 (12 unrouted and 0 violations), using 63.19 CPU seconds and the job allocated 413.41 GB of memory so far.
2026-09-16 17:03:07.102 INFO   [95D566\656330] Auto-routing pass #11 on board '2a98647318b10e48032d76285892863c' was completed in 6.28 seconds with score 949.78 (12 unrouted and 0 violations), using 70.01 CPU seconds and the job allocated 457.33 GB of memory so far.
2026-09-16 17:03:13.560 INFO   [95D566\656330] Auto-routing pass #12 on board '2a98647318b10e48032d76285892863c' was completed in 6.28 seconds with score 949.78 (12 unrouted and 0 violations), using 75.85 CPU seconds and the job allocated 497.48 GB of memory so far.
2026-09-16 17:03:19.916 INFO   [95D566\656330] Auto-routing pass #13 on board '2a98647318b10e48032d76285892863c' was completed in 6.26 seconds with score 949.78 (12 unrouted and 0 violations), using 82.67 CPU seconds and the job allocated 545.19 GB of memory so far.
2026-09-16 17:03:26.371 INFO   [95D566\656330] Auto-routing pass #14 on board '2a98647318b10e48032d76285892863c' was completed in 6.36 seconds with score 949.78 (12 unrouted and 0 violations), using 88.47 CPU seconds and the job allocated 580.08 GB of memory so far.
2026-09-16 17:03:32.786 INFO   [95D566\656330] Auto-routing pass #15 on board '2a98647318b10e48032d76285892863c' was completed in 6.32 seconds with score 949.78 (12 unrouted and 0 violations), using 94.32 CPU seconds and the job allocated 619.31 GB of memory so far.
2026-09-16 17:03:32.968 INFO   [95D566\656330] Auto-routing stage completed: started with 19 unrouted nets, completed in 98.36 seconds, final score: 949.78 (12 unrouted and 0 violations), using 95.30 total CPU seconds, 630.11 GB total allocated, and 1438.2 MB peak heap usage.
2026-09-16 17:03:33.053 INFO   [95D566\656330] Optimization stage started on board '2a98647318b10e48032d76285892863c' with score 949.78 (12 unrouted and 0 violations).
2026-09-16 17:03:34.371 INFO   [95D566\656330] Optimizer pass #1 on board '42202bc5e2037d48e25920fb092f98e2' was completed in 1.04 seconds with the score of 949.78 (12 unrouted and 0 violations).
2026-09-16 17:03:34.453 INFO   [95D566\656330] Stopping optimizer because the improvement in this pass (0.0000%) is below the threshold (1.00%).
2026-09-16 17:03:34.536 INFO   [95D566\656330] Optimization stage completed: started with score 949.78 (12 unrouted and 0 violations), completed in 1.40 seconds, final score: 949.78 (12 unrouted and 0 violations), using 1.38 total CPU seconds, 29.38 GB total allocated, and 1203.9 MB peak heap usage.
2026-09-16 17:03:34.552 INFO   [95D566\656330] Job '95D566\656330' finished with state: COMPLETED (elapsed: 1 minute 40.08 seconds, finished at UTC: 2026-09-16T22:03:34.551319Z).
2026-09-16 17:03:34.940 INFO   Saving output file '/Users/dheerajsomashekar/Downloads/gas-sensor-i2c-board/verification/retry4.ses' (SES)...
2026-09-16 17:03:34.946 INFO   Successfully saved output file '/Users/dheerajsomashekar/Downloads/gas-sensor-i2c-board/verification/retry4.ses' (162851 bytes).
